[dotenv@17.2.3] injecting env (3) from .env -- tip: тЪЩя╕П  suppress all logs with { quiet: true }
ERROR { error: 'Lesson not found' }
